[0.002s] Invoking command in '/home/luca/ros_ws/build/my_robot_description': /usr/bin/cmake /home/luca/ros_ws/src/my_robot_description -DCMAKE_INSTALL_PREFIX=/home/luca/ros_ws/install/my_robot_description
[0.050s] -- The C compiler identification is GNU 11.4.0
[0.095s] -- The CXX compiler identification is GNU 11.4.0
[0.098s] -- Detecting C compiler ABI info
[0.122s] -- Detecting C compiler ABI info - done
[0.125s] -- Check for working C compiler: /usr/bin/cc - skipped
[0.125s] -- Detecting C compile features
[0.125s] -- Detecting C compile features - done
[0.127s] -- Detecting CXX compiler ABI info
[0.155s] -- Detecting CXX compiler ABI info - done
[0.158s] -- Check for working CXX compiler: /usr/bin/c++ - skipped
[0.158s] -- Detecting CXX compile features
[0.159s] -- Detecting CXX compile features - done
[0.163s] [31mCMake Error at CMakeLists.txt:9 (find_package):
[0.163s]   By not providing "Findament_cmake.cmake" in CMAKE_MODULE_PATH this project
[0.163s]   has asked CMake to find a package configuration file provided by
[0.163s]   "ament_cmake", but CMake did not find one.
[0.163s] 
[0.163s]   Could not find a package configuration file provided by "ament_cmake" with
[0.163s]   any of the following names:
[0.163s] 
[0.163s]     ament_cmakeConfig.cmake
[0.163s]     ament_cmake-config.cmake
[0.163s] 
[0.163s]   Add the installation prefix of "ament_cmake" to CMAKE_PREFIX_PATH or set
[0.163s]   "ament_cmake_DIR" to a directory containing one of the above files.  If
[0.163s]   "ament_cmake" provides a separate development package or SDK, be sure it
[0.163s]   has been installed.
[0.163s] 
[0.163s] [0m
[0.163s] -- Configuring incomplete, errors occurred!
[0.163s] See also "/home/luca/ros_ws/build/my_robot_description/CMakeFiles/CMakeOutput.log".
[0.164s] Invoked command in '/home/luca/ros_ws/build/my_robot_description' returned '1': /usr/bin/cmake /home/luca/ros_ws/src/my_robot_description -DCMAKE_INSTALL_PREFIX=/home/luca/ros_ws/install/my_robot_description
