-- Found ament_cmake: 1.3.14 (/opt/ros/humble/share/ament_cmake/cmake)
-- Found Python3: /usr/bin/python3 (found version "3.10.12") found components: Interpreter 
-- Found ament_lint_auto: 0.12.15 (/opt/ros/humble/share/ament_lint_auto/cmake)
-- Added test 'lint_cmake' to check CMake code style
-- Added test 'xmllint' to check XML markup files
-- Configuring done
-- Generating done
-- Build files have been written to: /home/luca/ros_ws/build/my_robot_description
-- Install configuration: ""
-- Installing: /home/luca/ros_ws/install/my_robot_description/share/ament_index/resource_index/package_run_dependencies/my_robot_description
-- Installing: /home/luca/ros_ws/install/my_robot_description/share/ament_index/resource_index/parent_prefix_path/my_robot_description
-- Installing: /home/luca/ros_ws/install/my_robot_description/share/my_robot_description/environment/ament_prefix_path.sh
-- Installing: /home/luca/ros_ws/install/my_robot_description/share/my_robot_description/environment/ament_prefix_path.dsv
-- Installing: /home/luca/ros_ws/install/my_robot_description/share/my_robot_description/environment/path.sh
-- Installing: /home/luca/ros_ws/install/my_robot_description/share/my_robot_description/environment/path.dsv
-- Installing: /home/luca/ros_ws/install/my_robot_description/share/my_robot_description/local_setup.bash
-- Installing: /home/luca/ros_ws/install/my_robot_description/share/my_robot_description/local_setup.sh
-- Installing: /home/luca/ros_ws/install/my_robot_description/share/my_robot_description/local_setup.zsh
-- Installing: /home/luca/ros_ws/install/my_robot_description/share/my_robot_description/local_setup.dsv
-- Installing: /home/luca/ros_ws/install/my_robot_description/share/my_robot_description/package.dsv
-- Installing: /home/luca/ros_ws/install/my_robot_description/share/ament_index/resource_index/packages/my_robot_description
-- Installing: /home/luca/ros_ws/install/my_robot_description/share/my_robot_description/cmake/my_robot_descriptionConfig.cmake
-- Installing: /home/luca/ros_ws/install/my_robot_description/share/my_robot_description/cmake/my_robot_descriptionConfig-version.cmake
-- Installing: /home/luca/ros_ws/install/my_robot_description/share/my_robot_description/package.xml
