[0.003s] Invoking command in '/home/luca/ros_ws/build/my_robot_description': CMAKE_PREFIX_PATH=/opt/ros/humble /usr/bin/cmake /home/luca/ros_ws/src/my_robot_description -DCMAKE_INSTALL_PREFIX=/home/luca/ros_ws/install/my_robot_description
[0.008s] -- Found ament_cmake: 1.3.14 (/opt/ros/humble/share/ament_cmake/cmake)
[0.065s] -- Found Python3: /usr/bin/python3 (found version "3.10.12") found components: Interpreter 
[0.095s] -- Found ament_lint_auto: 0.12.15 (/opt/ros/humble/share/ament_lint_auto/cmake)
[0.123s] -- Added test 'lint_cmake' to check CMake code style
[0.123s] -- Added test 'xmllint' to check XML markup files
[0.123s] -- Configuring done
[0.124s] -- Generating done
[0.125s] -- Build files have been written to: /home/luca/ros_ws/build/my_robot_description
[0.126s] Invoked command in '/home/luca/ros_ws/build/my_robot_description' returned '0': CMAKE_PREFIX_PATH=/opt/ros/humble /usr/bin/cmake /home/luca/ros_ws/src/my_robot_description -DCMAKE_INSTALL_PREFIX=/home/luca/ros_ws/install/my_robot_description
[0.127s] Invoking command in '/home/luca/ros_ws/build/my_robot_description': CMAKE_PREFIX_PATH=/opt/ros/humble /usr/bin/cmake --build /home/luca/ros_ws/build/my_robot_description -- -j4 -l4
[0.138s] Invoked command in '/home/luca/ros_ws/build/my_robot_description' returned '0': CMAKE_PREFIX_PATH=/opt/ros/humble /usr/bin/cmake --build /home/luca/ros_ws/build/my_robot_description -- -j4 -l4
[0.141s] Invoking command in '/home/luca/ros_ws/build/my_robot_description': CMAKE_PREFIX_PATH=/opt/ros/humble /usr/bin/cmake --install /home/luca/ros_ws/build/my_robot_description
[0.144s] -- Install configuration: ""
[0.144s] -- Installing: /home/luca/ros_ws/install/my_robot_description/share/ament_index/resource_index/package_run_dependencies/my_robot_description
[0.144s] -- Installing: /home/luca/ros_ws/install/my_robot_description/share/ament_index/resource_index/parent_prefix_path/my_robot_description
[0.144s] -- Installing: /home/luca/ros_ws/install/my_robot_description/share/my_robot_description/environment/ament_prefix_path.sh
[0.144s] -- Installing: /home/luca/ros_ws/install/my_robot_description/share/my_robot_description/environment/ament_prefix_path.dsv
[0.144s] -- Installing: /home/luca/ros_ws/install/my_robot_description/share/my_robot_description/environment/path.sh
[0.144s] -- Installing: /home/luca/ros_ws/install/my_robot_description/share/my_robot_description/environment/path.dsv
[0.144s] -- Installing: /home/luca/ros_ws/install/my_robot_description/share/my_robot_description/local_setup.bash
[0.144s] -- Installing: /home/luca/ros_ws/install/my_robot_description/share/my_robot_description/local_setup.sh
[0.145s] -- Installing: /home/luca/ros_ws/install/my_robot_description/share/my_robot_description/local_setup.zsh
[0.145s] -- Installing: /home/luca/ros_ws/install/my_robot_description/share/my_robot_description/local_setup.dsv
[0.145s] -- Installing: /home/luca/ros_ws/install/my_robot_description/share/my_robot_description/package.dsv
[0.145s] -- Installing: /home/luca/ros_ws/install/my_robot_description/share/ament_index/resource_index/packages/my_robot_description
[0.145s] -- Installing: /home/luca/ros_ws/install/my_robot_description/share/my_robot_description/cmake/my_robot_descriptionConfig.cmake
[0.145s] -- Installing: /home/luca/ros_ws/install/my_robot_description/share/my_robot_description/cmake/my_robot_descriptionConfig-version.cmake
[0.145s] -- Installing: /home/luca/ros_ws/install/my_robot_description/share/my_robot_description/package.xml
[0.146s] Invoked command in '/home/luca/ros_ws/build/my_robot_description' returned '0': CMAKE_PREFIX_PATH=/opt/ros/humble /usr/bin/cmake --install /home/luca/ros_ws/build/my_robot_description
